<!DOCTYPE html>
<html lang="en">
<head>
  <title>T11</title>
  <meta charset="UTF-8">
  <meta name="viewport" content="width=device-width, initial-scale=1.0">
  
  <!-- stylesheets *******************************************-->
  <link rel="stylesheet" href="/css/style.css">
</head>

<!--*************************************************************
  BODY
**************************************************************-->
<body>
  <h1>T11 - Testing expected cases</h1>
  <p>Nothing to see here. Test your code from the last task.
    <script src="../t10_activate_via_button.js"></script>
  <button onclick="start()">START</button>
</body>
</html>
<!--*************************************************************
  END OF T11_TESTING_EXPECTED.HTML
**************************************************************-->